ec
accents
achicago
algorithm
algorithm2e
amstext
apalike
array
babel
bicaption
bm
booktabs
breakurl
calc
cancel
color
csquotes
endnotes
enumitem
esint
eso-pic
fancybox
fancyhdr
filehook
fixltx2e
fix-cm
float
fontspec
framed
geometry
graphicx
hhline
hyperref
hyphenat
iftex
ifthen
lettrine
listings
longtable
mathdots
mathrsfs
mathtools
mhchem
mslapa
multirow
natbib
nicefrac
nomencl
pdfcolmk
polyglossia
pdfcomment
pdfpages
prettyref
preview
refstyle
rotating
rotfloat
sectionbox
setspace
slashed
soul
splitidx
stackrel
subfig
subscript
tcolorbox
textcomp
ulem
units
url
varioref
wrapfig
xargs
xcolor
xetex-def
xkeyval
arydshln
braket
cancel
caption
colortbl
diagbox
etoolbox
eurosym
fp
makecmds
marginnote
picinpar
pict2e
sidecap
upgreek
psnfss
avant
bookman
chancery
charter
courier
helvet
mathpazo
mathpple
mathptm
mathptmx
newcent
pifont
utopia
ae
fontaxes
lmodern
binhex
symbol
tgadventor
tgbonum
tgchorus
tgcursor
tgheros
tgpagella
tgschola
tgtermes
tipa
tipx
tone
txfonts
marvosym
pmboxdraw
textgreek
wasy
wasysym
enumitem
bicaption
multicol
rsphrase
endnotes
natbib
natbib
fancyvrb
sectionbox
algorithm2e
endnotes
fancyhdr
datetime
fmtcount
tcolorbox
shapepar
